// Jest Snapshot v1, https://goo.gl/fbAQLP

exports[`esbuild-erb-plugin compiles code without an erb import <basic.ts> 1`] = `
""use strict";
(() => {
  // src/fixtures/basic.ts
  function sayHello() {
    const h1 = document.createElement("h1");
    const node = document.createTextNode("Hello");
    h1.appendChild(node);
    document.appendChild(h1);
  }
  sayHello();
})();
"
`;
